<html>
<body>
<pre>
<h1>µVision Build Log</h1>
<h2>Project:</h2>
C:\Users\Yogiraj Ganesh\Documents\Embedded\ARM\Embedded C\LCD Interface\Display Single Char\Disp_A.uvproj
Project File Date:  11/06/2025

<h2>Output:</h2>
Rebuild target 'Target 1'
assembling Startup.s...
compiling main_code.c...
main_code.c(16): warning:  #177-D: variable "i" was declared but never referenced
linking...
Program Size: Code=1180 RO-data=16 RW-data=0 ZI-data=1256  
FromELF: creating hex file...
"Disp_A.axf" - 0 Error(s), 1 Warning(s).
Rebuild target 'Target 1'
assembling Startup.s...
compiling main_code.c...
main_code.c(16): warning:  #177-D: variable "i" was declared but never referenced
linking...
Program Size: Code=1164 RO-data=16 RW-data=0 ZI-data=1256  
FromELF: creating hex file...
"Disp_A.axf" - 0 Error(s), 1 Warning(s).
Rebuild target 'Target 1'
assembling Startup.s...
compiling main_code.c...
main_code.c(16): warning:  #177-D: variable "i" was declared but never referenced
linking...
Program Size: Code=1172 RO-data=16 RW-data=0 ZI-data=1256  
FromELF: creating hex file...
"Disp_A.axf" - 0 Error(s), 1 Warning(s).
Rebuild target 'Target 1'
assembling Startup.s...
compiling main_code.c...
main_code.c(16): warning:  #177-D: variable "i" was declared but never referenced
linking...
Program Size: Code=1204 RO-data=16 RW-data=0 ZI-data=1256  
FromELF: creating hex file...
"Disp_A.axf" - 0 Error(s), 1 Warning(s).
Rebuild target 'Target 1'
assembling Startup.s...
compiling main_code.c...
main_code.c(16): warning:  #177-D: variable "i" was declared but never referenced
linking...
Program Size: Code=1180 RO-data=16 RW-data=0 ZI-data=1256  
FromELF: creating hex file...
"Disp_A.axf" - 0 Error(s), 1 Warning(s).
